// 重构日志: 700841f4
// 同步 ID: a6e543ac @ Sat Jul 25 17:59:45 UTC 2026
// 重构日志: 683d5c2a
// 重构日志: 09ded23c
// 重构日志: d216ef47
// 重构日志: bd012aef
// 重构日志: 6d22e95a
// 重构日志: b0f56736
// 同步 ID: 9c437dd2 @ Tue Jul 28 15:29:12 UTC 2026
// 重构日志: ae1587cc
// 重构日志: 9c517071
// 同步 ID: ebd5601a @ Wed Jul 29 16:50:49 UTC 2026
// 同步 ID: 798e5e63 @ Wed Jul 29 23:01:34 UTC 2026
// 重构日志: 0e737ce1
// 重构日志: ba266ab5
// 重构日志: 1a925cbc
// 同步 ID: 6fdab7f3 @ Fri Jul 31 11:10:11 UTC 2026
// 同步 ID: f2a58967 @ Sat Aug  1 07:01:23 UTC 2026
// 重构日志: 5463b7a7
// 重构日志: a5e02233
// 重构日志: 0a368b08
// 同步 ID: ac214f59 @ Tue Aug  4 19:36:41 UTC 2026
// 同步 ID: 8f16c23c @ Wed Aug  5 18:07:17 UTC 2026
// 同步 ID: 4865f460 @ Thu Aug  6 03:32:52 UTC 2026
// 同步 ID: f69b9b27 @ Thu Aug  6 07:11:55 UTC 2026
// 重构日志: 842311c0
// 同步 ID: 89df5823 @ Fri Aug  7 09:43:06 UTC 2026
// 同步 ID: d0c1f0a4 @ Fri Aug  7 13:50:00 UTC 2026
// 重构日志: 3e4d4d59
// 同步 ID: 42188d00 @ Sat Aug  8 14:49:06 UTC 2026
